<html>
<body>
<pre>
<h1>µVision Build Log</h1>
<h2>Tool Versions:</h2>
IDE-Version: µVision V5.28.0.0
Copyright (C) 2019 ARM Ltd and ARM Germany GmbH. All rights reserved.
License Information: Mohamed Mehery, Student, LIC=65ISZ-JU6BS-BSVYX-H5ZX3-N60JY-KXQV3
 
Tool Versions:
Toolchain:       MDK-ARM Plus  Version: 5.28.0.0
Toolchain Path:  C:\Keil_v5\ARM\ARMCC\Bin
C Compiler:      Armcc.exe V5.06 update 6 (build 750)
Assembler:       Armasm.exe V5.06 update 6 (build 750)
Linker/Locator:  ArmLink.exe V5.06 update 6 (build 750)
Library Manager: ArmAr.exe V5.06 update 6 (build 750)
Hex Converter:   FromElf.exe V5.06 update 6 (build 750)
CPU DLL:         SARMCM3.DLL V5.28.0.0
Dialog DLL:      DCM.DLL V1.17.3.0
Target DLL:      UL2CM3.DLL V1.162.16.0
Dialog DLL:      TCM.DLL V1.36.2.0
 
<h2>Project:</h2>
C:\Users\Mohamed_Mehery\Documents\GitHub\Sprints_ARM_MC2022\Blinking_led.uvprojx
Project File Date:  12/16/2022

<h2>Output:</h2>
*** Using Compiler 'V5.06 update 6 (build 750)', folder: 'C:\Keil_v5\ARM\ARMCC\Bin'
Build target 'Target 1'
compiling App.c...
.\HAL\Inc\Led.h(96): warning:  #1-D: last line of file ends without a newline
   *********************************************************************************************************************/
.\HAL\Inc\Button.h(66): warning:  #1-D: last line of file ends without a newline
   *********************************************************************************************************************/
.\APPLICATION\Inc\App.h(40): warning:  #1-D: last line of file ends without a newline
   *********************************************************************************************************************/
.\SERVICE\Inc\Service_Types.h(40): warning:  #1-D: last line of file ends without a newline
  *********************************************************************************************************************/
.\SERVICE\Inc\Input.h(45): warning:  #1-D: last line of file ends without a newline
  *********************************************************************************************************************/
.\SERVICE\Inc\Blink.h(55): warning:  #1-D: last line of file ends without a newline
  *********************************************************************************************************************/
APPLICATION\App.c(29): warning:  #111-D: statement is unreachable
  	return 0;
APPLICATION\App.c(30): warning:  #1-D: last line of file ends without a newline
  }
APPLICATION\App.c: 8 warnings, 0 errors
compiling Led.c...
.\HAL\Inc\Led.h(96): warning:  #1-D: last line of file ends without a newline
   *********************************************************************************************************************/
HAL\Led.c(107): warning:  #1-D: last line of file ends without a newline
   *********************************************************************************************************************/
HAL\Led.c: 2 warnings, 0 errors
compiling Button.c...
.\HAL\Inc\Button.h(66): warning:  #1-D: last line of file ends without a newline
   *********************************************************************************************************************/
HAL\Button.c(80): warning:  #1-D: last line of file ends without a newline
   *********************************************************************************************************************/
HAL\Button.c: 2 warnings, 0 errors
compiling Dio_Lcfg.c...
compiling Gpt_Lcfg.c...
compiling Input.c...
.\HAL\Inc\Led.h(96): warning:  #1-D: last line of file ends without a newline
   *********************************************************************************************************************/
.\HAL\Inc\Button.h(66): warning:  #1-D: last line of file ends without a newline
   *********************************************************************************************************************/
.\SERVICE\Inc\Service_Types.h(40): warning:  #1-D: last line of file ends without a newline
  *********************************************************************************************************************/
.\SERVICE\Inc\Input.h(45): warning:  #1-D: last line of file ends without a newline
  *********************************************************************************************************************/
SERVICE\Input.c(101): warning:  #1-D: last line of file ends without a newline
   *********************************************************************************************************************/
SERVICE\Input.c: 5 warnings, 0 errors
compiling Blink.c...
.\HAL\Inc\Led.h(96): warning:  #1-D: last line of file ends without a newline
   *********************************************************************************************************************/
.\HAL\Inc\Button.h(66): warning:  #1-D: last line of file ends without a newline
   *********************************************************************************************************************/
.\SERVICE\Inc\Service_Types.h(40): warning:  #1-D: last line of file ends without a newline
  *********************************************************************************************************************/
.\SERVICE\Inc\Blink.h(55): warning:  #1-D: last line of file ends without a newline
  *********************************************************************************************************************/
SERVICE\Blink.c(130): warning:  #1-D: last line of file ends without a newline
   *********************************************************************************************************************/
SERVICE\Blink.c: 5 warnings, 0 errors
compiling Dio.c...
MCAL\Dio.c(48): warning:  #111-D: statement is unreachable
  			break;	
MCAL\Dio.c(55): warning:  #111-D: statement is unreachable
  			break;	
MCAL\Dio.c(62): warning:  #111-D: statement is unreachable
  			break;	
MCAL\Dio.c(69): warning:  #111-D: statement is unreachable
  			break;	
MCAL\Dio.c(76): warning:  #111-D: statement is unreachable
  			break;	
MCAL\Dio.c(83): warning:  #111-D: statement is unreachable
  			break;	
MCAL\Dio.c(87): warning:  #111-D: statement is unreachable
  			break; 
MCAL\Dio.c(184): warning:  #111-D: statement is unreachable
  			break;	
MCAL\Dio.c(197): warning:  #111-D: statement is unreachable
  			break;	
MCAL\Dio.c(210): warning:  #111-D: statement is unreachable
  			break;	
MCAL\Dio.c(223): warning:  #111-D: statement is unreachable
  			break;	
MCAL\Dio.c(236): warning:  #111-D: statement is unreachable
  			break;	
MCAL\Dio.c(249): warning:  #111-D: statement is unreachable
  			break;	
MCAL\Dio.c(251): warning:  #940-D: missing return statement at end of non-void function "Dio_FlipChannel" 
  }
MCAL\Dio.c(270): warning:  #111-D: statement is unreachable
  			break;	
MCAL\Dio.c(274): warning:  #111-D: statement is unreachable
  			break;	
MCAL\Dio.c(278): warning:  #111-D: statement is unreachable
  			break;	
MCAL\Dio.c(282): warning:  #111-D: statement is unreachable
  			break;	
MCAL\Dio.c(286): warning:  #111-D: statement is unreachable
  			break;	
MCAL\Dio.c(290): warning:  #111-D: statement is unreachable
  			break;	
MCAL\Dio.c(292): warning:  #940-D: missing return statement at end of non-void function "Dio_ReadPort" 
  }
MCAL\Dio.c(337): warning:  #1-D: last line of file ends without a newline
   *********************************************************************************************************************/
MCAL\Dio.c: 22 warnings, 0 errors
linking...
Program Size: Code=5234 RO-data=1030 RW-data=500 ZI-data=1844  
FromELF: creating hex file...
".\Objects\Blinking_led.axf" - 0 Error(s), 44 Warning(s).

<h2>Software Packages used:</h2>

Package Vendor: ARM
                http://www.keil.com/pack/ARM.CMSIS.5.9.0.pack
                ARM.CMSIS.5.9.0
                CMSIS (Common Microcontroller Software Interface Standard)
   * Component: CORE Version: 5.6.0

Package Vendor: Keil
                https://www.keil.com/pack/Keil.ARM_Compiler.1.7.2.pack
                Keil.ARM_Compiler.1.7.2
                Keil ARM Compiler extensions for ARM Compiler 5 and ARM Compiler 6
   * Component: Event Recorder Variant: DAP Version: 1.5.1

Package Vendor: Keil
                http://www.keil.com/pack/Keil.TM4C_DFP.1.1.0.pack
                Keil.TM4C_DFP.1.1.0
                Texas Instruments Tiva C Series Device Support and Examples
   * Component: Startup Version: 1.0.1

<h2>Collection of Component include folders:</h2>
  .\RTE\Compiler
  .\RTE\_Target_1
  C:\Users\Mohamed_Mehery\AppData\Local\Arm\Packs\ARM\CMSIS\5.9.0\CMSIS\Core\Include
  C:\Users\Mohamed_Mehery\AppData\Local\Arm\Packs\Keil\ARM_Compiler\1.7.2\Include
  C:\Users\Mohamed_Mehery\AppData\Local\Arm\Packs\Keil\TM4C_DFP\1.1.0\Device\Include\TM4C123

<h2>Collection of Component Files used:</h2>

   * Component: ARM::CMSIS:CORE:5.6.0

   * Component: Keil.ARM Compiler::Compiler:Event Recorder:DAP:1.5.1
      Include file:  Config\EventRecorderConf.h
      Source file:   Source\EventRecorder.c
      Include file:  Include\EventRecorder.h

   * Component: Keil::Device:Startup:1.0.1
      Include file:  Device\Include\TM4C123\TM4C123.h
      Source file:   Device\Source\ARM\startup_TM4C123.s
      Source file:   Device\Source\system_TM4C123.c
Build Time Elapsed:  00:00:02
</pre>
</body>
</html>
